---
source: compiler/base/serialize/src/ron/ser.rs
expression: to_ron_string_compact(&nested).unwrap()
---
[[1,2],[3,4,5],[]]
