---
source: compiler/base/serialize/src/ron/ser.rs
expression: to_ron_string_compact(&triple).unwrap()
---
(1,"hello",true)
