---
source: compiler/base/serialize/src/ron/ser.rs
expression: "to_ron_string_with_config(&triple, config.clone()).unwrap()"
---
(
    1,
    "hello",
    true,
)
