---
source: compiler/base/serialize/src/ron/ser.rs
expression: "to_ron_string_with_config(&nested, config.clone()).unwrap()"
---
[
    [
        1,
        2,
    ],
    [
        3,
        4,
        5,
    ],
    [],
]
