---
source: compiler/base/serialize/src/ron/ser/test.rs
expression: to_ron_string_compact(&unit).unwrap()
---
UnitStruct
