---
source: compiler/base/serialize/src/ron/ser/test.rs
expression: "to_ron_string_with_config(&person, config.clone()).unwrap()"
---
Person {
    name: "Alice",
    age: 30,
    active: true,
}
