---
source: compiler/e2e/test/snapshot/mod.rs
expression: clean_run
---
stderr:
error: mutable access is done while it is borrowed
   ╭─ compiler/e2e/test/snapshot/borrow_checker/struct_inference_with_lifetime_flow/main.pnx:26:9
   │
22 │             first: &outer,
   │                    ------ the borrow starts here
   ·
26 │         outer = 32
   │         ^^^^^^^^^^ mutable access occurs here
   ·
29 │         print(*pair.second)
   │               ------------ the borrow is used here

error: Compilation aborted due to 1 error(s)



stdout:
