---
source: compiler/e2e/test/snapshot/mod.rs
expression: clean_run
---
stderr:
error: unsatisfied predicate
  ╭─ compiler/e2e/test/snapshot/borrow_checker/return_wrong_lifetime_with_jump/main.pnx:7:2
  │
7 │     return result
  │     ^^^^^^^^^^^^^ the predicate `'a: 'b` is not satisfied

error: Compilation aborted due to 1 error(s)



stdout:
