---
source: compiler/e2e/test/snapshot/mod.rs
expression: clean_run
---
stderr:
error: ambiguous method call `coolMethod` for type `T`
   ╭─ compiler/e2e/test/snapshot/ir/expression/method_call/ambiguous_trait/main.pnx:20:11
   │
20 │     value.coolMethod()  # ambiguous trait method call
   │     ----- ^^^^^^^^^^
   │     │     │
   │     │     ambiguous method call `coolMethod`
   │     │     candidate: `main::First::coolMethod`
   │     │     candidate: `main::Second::coolMethod`
   │     this expression has type `T`

error: Compilation aborted due to 1 error(s)



stdout:
