---
source: compiler/e2e/test/snapshot/mod.rs
expression: clean_run
---
stderr:
error: the variable doesn't live long enough
   ╭─ compiler/e2e/test/snapshot/borrow_checker/variable_does_not_live_long_enough_in_loop_2/main.pnx:20:13
   │
20 │         let mut number = 0
   │             ^^^^^^^^^^ the variable declared here doesn't live long enough
21 │         vector.push(&number)
   │         ------      ------- the borrow starts here
   │         │            
   │         the borrow is used here

error: Compilation aborted due to 1 error(s)



stdout:
